// Jest Snapshot v1, https://goo.gl/fbAQLP

exports[`Example Component renders to a nice snapshot 1`] = `
<section class="example">
    <div class="container">
        <img src="./img/VueChargedLogo.png" alt="VueCharged Logo">
        <h2>Name: <span>John Doe</span></h2>
        <input placeholder="John Doe" type="text">
        <h3>Count: <span>2</span></h3>
        <div>
            <button type="button">Decrement</button>
            <button type="button">Increment</button>
        </div>
        <h4>Fibonacci Number <span>2</span>: <span>1</span></h4>
    </div>
</section>
`;
