// Jest Snapshot v1, https://goo.gl/fbAQLP

exports[`Demo Component renders to a nice snapshot 1`] = `
<section class="demo">
  <div class="container">
    <div class="ex-input">
      <h3>Name: <span place="name">John Doe</span></h3>
      <input placeholder="John Doe" type="text">
    </div>
    <div class="ex-counter">
      <h4>Count: <span place="count">2</span></h4>
      <button type="button">Decrement</button>
      <button type="button">Increment</button>
    </div>
    <div class="ex-getter">
      <h4>Fibonacci Number <span place="positiveCount">2</span>: <span place="fibonacciNumber">1</span></h4>
    </div>
    <div class="ex-async">
      <h4>Top Reddit Post</h4>
      <a href="https://www.reddit.com/" target="_blank">Reddit</a>
    </div>
    <div class="ex-language">
      <label for="locale">Change Language</label>
      <select id="locale">
        <option>en</option>
        <option>es</option>
      </select>
    </div>
  </div>
</section>
`;
